// Jest Snapshot v1, https://goo.gl/fbAQLP

exports[`Logout should render component 1`] = `"<Redirect />"`;
