// Jest Snapshot v1, https://goo.gl/fbAQLP

exports[`auth.state should match state 1`] = `
Object {
  "isAuthenticated": false,
  "message": null,
  "userId": null,
}
`;
